timestamp [ns],filename
1403636611113555456,1403636611113555456.png
1403636631163555584,1403636631163555584.png
1403636651213555456,1403636651213555456.png
1403636671263555584,1403636671263555584.png
1403636691313555456,1403636691313555456.png
1403636711363555584,1403636711363555584.png
1403636726413555456,1403636726413555456.png
1403636746463555584,1403636746463555584.png
