distance_travelled
7.870008438305277
16.34458932731422
30.356390538783874
47.659025826456315
61.64726739375633
72.14834892047361
