timestamp [ns],filename
1403636601113555456,1403636601113555456.png
1403636621163555584,1403636621163555584.png
1403636641213555456,1403636641213555456.png
1403636661263555584,1403636661263555584.png
1403636676313555456,1403636676313555456.png
1403636681313555456,1403636681313555456.png
1403636701363555584,1403636701363555584.png
1403636716413555456,1403636716413555456.png
1403636721413555456,1403636721413555456.png
1403636736463555584,1403636736463555584.png
1403636756513555456,1403636756513555456.png
